[0.954s] Invoking command in '/home/robothrone/new_robogpt/orbbecros2_driver': PYTHONPATH=/home/robothrone/new_robogpt/orbbecros2_driver/build/orbbecros2_driver/prefix_override:/home/robothrone/new_robogpt/orbbecros2_driver/install/orbbecros2_driver/lib/python3.8/site-packages:${PYTHONPATH} /usr/bin/python3 setup.py egg_info --egg-base build/orbbecros2_driver build --build-base /home/robothrone/new_robogpt/orbbecros2_driver/build/orbbecros2_driver/build install --record /home/robothrone/new_robogpt/orbbecros2_driver/build/orbbecros2_driver/install.log --install-scripts $base/lib/orbbecros2_driver --single-version-externally-managed
[1.198s] /home/robothrone/.local/lib/python3.8/site-packages/setuptools/dist.py:775: UserWarning: Usage of dash-separated 'script-dir' will not be supported in future versions. Please use the underscore name 'script_dir' instead
[1.198s]   warnings.warn(
[1.289s] running egg_info
[1.303s] writing build/orbbecros2_driver/orbbecros2_driver.egg-info/PKG-INFO
[1.303s] writing dependency_links to build/orbbecros2_driver/orbbecros2_driver.egg-info/dependency_links.txt
[1.304s] writing requirements to build/orbbecros2_driver/orbbecros2_driver.egg-info/requires.txt
[1.304s] writing top-level names to build/orbbecros2_driver/orbbecros2_driver.egg-info/top_level.txt
[1.332s] reading manifest file 'build/orbbecros2_driver/orbbecros2_driver.egg-info/SOURCES.txt'
[1.333s] writing manifest file 'build/orbbecros2_driver/orbbecros2_driver.egg-info/SOURCES.txt'
[1.333s] running build
[1.333s] running build_py
[1.333s] running install
[1.333s] /home/robothrone/.local/lib/python3.8/site-packages/setuptools/command/install.py:34: SetuptoolsDeprecationWarning: setup.py install is deprecated. Use build and pip and other standards-based tools.
[1.333s]   warnings.warn(
[1.339s] running install_lib
[1.353s] running install_data
[1.366s] running install_egg_info
[1.380s] removing '/home/robothrone/new_robogpt/orbbecros2_driver/install/orbbecros2_driver/lib/python3.8/site-packages/orbbecros2_driver-0.0.0-py3.8.egg-info' (and everything under it)
[1.380s] Copying build/orbbecros2_driver/orbbecros2_driver.egg-info to /home/robothrone/new_robogpt/orbbecros2_driver/install/orbbecros2_driver/lib/python3.8/site-packages/orbbecros2_driver-0.0.0-py3.8.egg-info
[1.381s] running install_scripts
[1.441s] writing list of installed files to '/home/robothrone/new_robogpt/orbbecros2_driver/build/orbbecros2_driver/install.log'
[1.472s] Invoked command in '/home/robothrone/new_robogpt/orbbecros2_driver' returned '0': PYTHONPATH=/home/robothrone/new_robogpt/orbbecros2_driver/build/orbbecros2_driver/prefix_override:/home/robothrone/new_robogpt/orbbecros2_driver/install/orbbecros2_driver/lib/python3.8/site-packages:${PYTHONPATH} /usr/bin/python3 setup.py egg_info --egg-base build/orbbecros2_driver build --build-base /home/robothrone/new_robogpt/orbbecros2_driver/build/orbbecros2_driver/build install --record /home/robothrone/new_robogpt/orbbecros2_driver/build/orbbecros2_driver/install.log --install-scripts $base/lib/orbbecros2_driver --single-version-externally-managed
