[0.991s] Invoking command in '/home/robothrone/new_robogpt/ros2_orbbec_ws/src/orbbecros2_driver': PYTHONPATH=/home/robothrone/new_robogpt/ros2_orbbec_ws/build/orbbecros2_driver/prefix_override:/home/robothrone/new_robogpt/ros2_orbbec_ws/install/orbbecros2_driver/lib/python3.8/site-packages:${PYTHONPATH} /usr/bin/python3 setup.py egg_info --egg-base ../../build/orbbecros2_driver build --build-base /home/robothrone/new_robogpt/ros2_orbbec_ws/build/orbbecros2_driver/build install --record /home/robothrone/new_robogpt/ros2_orbbec_ws/build/orbbecros2_driver/install.log --install-scripts $base/lib/orbbecros2_driver --single-version-externally-managed
[1.228s] /home/robothrone/.local/lib/python3.8/site-packages/setuptools/dist.py:775: UserWarning: Usage of dash-separated 'script-dir' will not be supported in future versions. Please use the underscore name 'script_dir' instead
[1.228s]   warnings.warn(
[1.315s] running egg_info
[1.332s] writing ../../build/orbbecros2_driver/orbbecros2_driver.egg-info/PKG-INFO
[1.332s] writing dependency_links to ../../build/orbbecros2_driver/orbbecros2_driver.egg-info/dependency_links.txt
[1.332s] writing entry points to ../../build/orbbecros2_driver/orbbecros2_driver.egg-info/entry_points.txt
[1.332s] writing requirements to ../../build/orbbecros2_driver/orbbecros2_driver.egg-info/requires.txt
[1.332s] writing top-level names to ../../build/orbbecros2_driver/orbbecros2_driver.egg-info/top_level.txt
[1.362s] reading manifest file '../../build/orbbecros2_driver/orbbecros2_driver.egg-info/SOURCES.txt'
[1.363s] writing manifest file '../../build/orbbecros2_driver/orbbecros2_driver.egg-info/SOURCES.txt'
[1.363s] running build
[1.364s] running build_py
[1.364s] running install
[1.364s] /home/robothrone/.local/lib/python3.8/site-packages/setuptools/command/install.py:34: SetuptoolsDeprecationWarning: setup.py install is deprecated. Use build and pip and other standards-based tools.
[1.364s]   warnings.warn(
[1.369s] running install_lib
[1.382s] running install_data
[1.396s] running install_egg_info
[1.409s] removing '/home/robothrone/new_robogpt/ros2_orbbec_ws/install/orbbecros2_driver/lib/python3.8/site-packages/orbbecros2_driver-1.0.0-py3.8.egg-info' (and everything under it)
[1.410s] Copying ../../build/orbbecros2_driver/orbbecros2_driver.egg-info to /home/robothrone/new_robogpt/ros2_orbbec_ws/install/orbbecros2_driver/lib/python3.8/site-packages/orbbecros2_driver-1.0.0-py3.8.egg-info
[1.410s] running install_scripts
[1.471s] Installing orbbec_driver_node script to /home/robothrone/new_robogpt/ros2_orbbec_ws/install/orbbecros2_driver/lib/orbbecros2_driver
[1.471s] writing list of installed files to '/home/robothrone/new_robogpt/ros2_orbbec_ws/build/orbbecros2_driver/install.log'
[1.502s] Invoked command in '/home/robothrone/new_robogpt/ros2_orbbec_ws/src/orbbecros2_driver' returned '0': PYTHONPATH=/home/robothrone/new_robogpt/ros2_orbbec_ws/build/orbbecros2_driver/prefix_override:/home/robothrone/new_robogpt/ros2_orbbec_ws/install/orbbecros2_driver/lib/python3.8/site-packages:${PYTHONPATH} /usr/bin/python3 setup.py egg_info --egg-base ../../build/orbbecros2_driver build --build-base /home/robothrone/new_robogpt/ros2_orbbec_ws/build/orbbecros2_driver/build install --record /home/robothrone/new_robogpt/ros2_orbbec_ws/build/orbbecros2_driver/install.log --install-scripts $base/lib/orbbecros2_driver --single-version-externally-managed
