[0.485s] DEBUG:colcon:Command line arguments: ['/home/robothrone/.local/bin/colcon', 'build']
[0.485s] DEBUG:colcon:Parsed command line arguments: Namespace(allow_overriding=[], ament_cmake_args=None, base_paths=['.'], build_base='build', catkin_cmake_args=None, catkin_skip_building_tests=False, cmake_args=None, cmake_clean_cache=False, cmake_clean_first=False, cmake_force_configure=False, cmake_target=None, cmake_target_skip_unavailable=False, continue_on_error=False, event_handlers=None, executor='parallel', ignore_user_meta=False, install_base='install', log_base=None, log_level=None, main=<bound method BuildVerb.main of <colcon_core.verb.build.BuildVerb object at 0x7fc4d2a10070>>, merge_install=False, metas=['./colcon.meta'], packages_above=None, packages_above_and_dependencies=None, packages_above_depth=None, packages_end=None, packages_ignore=None, packages_ignore_regex=None, packages_select=None, packages_select_build_failed=False, packages_select_by_dep=None, packages_select_regex=None, packages_select_test_failures=False, packages_skip=None, packages_skip_build_finished=False, packages_skip_by_dep=None, packages_skip_regex=None, packages_skip_test_passed=False, packages_skip_up_to=None, packages_start=None, packages_up_to=None, packages_up_to_regex=None, parallel_workers=8, paths=None, symlink_install=False, test_result_base=None, verb_extension=<colcon_core.verb.build.BuildVerb object at 0x7fc4d2a10070>, verb_name='build', verb_parser=<colcon_defaults.argument_parser.defaults.DefaultArgumentsDecorator object at 0x7fc4d29795b0>)
[0.528s] Level 1:colcon.colcon_core.package_discovery:discover_packages(colcon_meta) check parameters
[0.528s] Level 1:colcon.colcon_core.package_discovery:discover_packages(recursive) check parameters
[0.528s] Level 1:colcon.colcon_core.package_discovery:discover_packages(ignore) check parameters
[0.528s] Level 1:colcon.colcon_core.package_discovery:discover_packages(path) check parameters
[0.528s] Level 1:colcon.colcon_core.package_discovery:discover_packages(colcon_meta) discover
[0.528s] Level 1:colcon.colcon_core.package_discovery:discover_packages(recursive) discover
[0.528s] INFO:colcon.colcon_core.package_discovery:Crawling recursively for packages in '/home/robothrone/new_robogpt/orbbecros2_driver'
[0.528s] Level 1:colcon.colcon_core.package_identification:_identify(.) by extensions ['ignore', 'ignore_ament_install']
[0.528s] Level 1:colcon.colcon_core.package_identification:_identify(.) by extension 'ignore'
[0.529s] Level 1:colcon.colcon_core.package_identification:_identify(.) by extension 'ignore_ament_install'
[0.529s] Level 1:colcon.colcon_core.package_identification:_identify(.) by extensions ['colcon_pkg']
[0.529s] Level 1:colcon.colcon_core.package_identification:_identify(.) by extension 'colcon_pkg'
[0.529s] Level 1:colcon.colcon_core.package_identification:_identify(.) by extensions ['colcon_meta']
[0.529s] Level 1:colcon.colcon_core.package_identification:_identify(.) by extension 'colcon_meta'
[0.529s] Level 1:colcon.colcon_core.package_identification:_identify(.) by extensions ['ros']
[0.529s] Level 1:colcon.colcon_core.package_identification:_identify(.) by extension 'ros'
[0.545s] DEBUG:colcon.colcon_core.package_identification:Package '.' with type 'ros.ament_python' and name 'orbbecros2_driver'
[0.545s] Level 1:colcon.colcon_core.package_discovery:discover_packages(recursive) using defaults
[0.545s] Level 1:colcon.colcon_core.package_discovery:discover_packages(ignore) discover
[0.545s] Level 1:colcon.colcon_core.package_discovery:discover_packages(ignore) using defaults
[0.545s] Level 1:colcon.colcon_core.package_discovery:discover_packages(path) discover
[0.545s] Level 1:colcon.colcon_core.package_discovery:discover_packages(path) using defaults
[0.573s] Level 1:colcon.colcon_core.package_discovery:discover_packages(prefix_path) check parameters
[0.573s] Level 1:colcon.colcon_core.package_discovery:discover_packages(prefix_path) discover
[0.583s] DEBUG:colcon.colcon_installed_package_information.package_discovery:Found 250 installed packages in /opt/ros/foxy
[0.587s] DEBUG:colcon.colcon_installed_package_information.package_discovery:Found 3 installed packages in /opt/ros/noetic
[0.587s] Level 1:colcon.colcon_core.package_discovery:discover_packages(prefix_path) using defaults
[0.650s] Level 5:colcon.colcon_core.verb:set package 'orbbecros2_driver' build argument 'cmake_args' from command line to 'None'
[0.650s] Level 5:colcon.colcon_core.verb:set package 'orbbecros2_driver' build argument 'cmake_target' from command line to 'None'
[0.650s] Level 5:colcon.colcon_core.verb:set package 'orbbecros2_driver' build argument 'cmake_target_skip_unavailable' from command line to 'False'
[0.650s] Level 5:colcon.colcon_core.verb:set package 'orbbecros2_driver' build argument 'cmake_clean_cache' from command line to 'False'
[0.650s] Level 5:colcon.colcon_core.verb:set package 'orbbecros2_driver' build argument 'cmake_clean_first' from command line to 'False'
[0.650s] Level 5:colcon.colcon_core.verb:set package 'orbbecros2_driver' build argument 'cmake_force_configure' from command line to 'False'
[0.650s] Level 5:colcon.colcon_core.verb:set package 'orbbecros2_driver' build argument 'ament_cmake_args' from command line to 'None'
[0.650s] Level 5:colcon.colcon_core.verb:set package 'orbbecros2_driver' build argument 'catkin_cmake_args' from command line to 'None'
[0.650s] Level 5:colcon.colcon_core.verb:set package 'orbbecros2_driver' build argument 'catkin_skip_building_tests' from command line to 'False'
[0.650s] DEBUG:colcon.colcon_core.verb:Building package 'orbbecros2_driver' with the following arguments: {'ament_cmake_args': None, 'build_base': '/home/robothrone/new_robogpt/orbbecros2_driver/build/orbbecros2_driver', 'catkin_cmake_args': None, 'catkin_skip_building_tests': False, 'cmake_args': None, 'cmake_clean_cache': False, 'cmake_clean_first': False, 'cmake_force_configure': False, 'cmake_target': None, 'cmake_target_skip_unavailable': False, 'install_base': '/home/robothrone/new_robogpt/orbbecros2_driver/install/orbbecros2_driver', 'merge_install': False, 'path': '/home/robothrone/new_robogpt/orbbecros2_driver', 'symlink_install': False, 'test_result_base': None}
[0.652s] INFO:colcon.colcon_core.executor:Executing jobs using 'parallel' executor
[0.662s] DEBUG:colcon.colcon_parallel_executor.executor.parallel:run_until_complete
[0.662s] INFO:colcon.colcon_ros.task.ament_python.build:Building ROS package in '/home/robothrone/new_robogpt/orbbecros2_driver' with build type 'ament_python'
[0.662s] Level 1:colcon.colcon_core.shell:create_environment_hook('orbbecros2_driver', 'ament_prefix_path')
[0.672s] INFO:colcon.colcon_core.plugin_system:Skipping extension 'colcon_core.shell.bat': Not used on non-Windows systems
[0.672s] INFO:colcon.colcon_core.shell:Creating environment hook '/home/robothrone/new_robogpt/orbbecros2_driver/install/orbbecros2_driver/share/orbbecros2_driver/hook/ament_prefix_path.ps1'
[0.672s] INFO:colcon.colcon_core.shell:Creating environment descriptor '/home/robothrone/new_robogpt/orbbecros2_driver/install/orbbecros2_driver/share/orbbecros2_driver/hook/ament_prefix_path.dsv'
[0.673s] INFO:colcon.colcon_core.shell:Creating environment hook '/home/robothrone/new_robogpt/orbbecros2_driver/install/orbbecros2_driver/share/orbbecros2_driver/hook/ament_prefix_path.sh'
[0.679s] INFO:colcon.colcon_core.shell:Skip shell extension 'powershell' for command environment: Not usable outside of PowerShell
[0.679s] DEBUG:colcon.colcon_core.shell:Skip shell extension 'dsv' for command environment
[1.016s] INFO:colcon.colcon_core.task.python.build:Building Python package in '/home/robothrone/new_robogpt/orbbecros2_driver'
[1.021s] INFO:colcon.colcon_core.shell:Skip shell extension 'powershell' for command environment: Not usable outside of PowerShell
[1.021s] DEBUG:colcon.colcon_core.shell:Skip shell extension 'dsv' for command environment
[1.675s] DEBUG:colcon.colcon_core.event_handler.log_command:Invoking command in '/home/robothrone/new_robogpt/orbbecros2_driver': PYTHONPATH=/home/robothrone/new_robogpt/orbbecros2_driver/build/orbbecros2_driver/prefix_override:/home/robothrone/new_robogpt/orbbecros2_driver/install/orbbecros2_driver/lib/python3.8/site-packages:${PYTHONPATH} /usr/bin/python3 setup.py egg_info --egg-base build/orbbecros2_driver build --build-base /home/robothrone/new_robogpt/orbbecros2_driver/build/orbbecros2_driver/build install --record /home/robothrone/new_robogpt/orbbecros2_driver/build/orbbecros2_driver/install.log --install-scripts $base/lib/orbbecros2_driver --single-version-externally-managed
[2.179s] DEBUG:colcon.colcon_core.event_handler.log_command:Invoked command in '/home/robothrone/new_robogpt/orbbecros2_driver' returned '0': PYTHONPATH=/home/robothrone/new_robogpt/orbbecros2_driver/build/orbbecros2_driver/prefix_override:/home/robothrone/new_robogpt/orbbecros2_driver/install/orbbecros2_driver/lib/python3.8/site-packages:${PYTHONPATH} /usr/bin/python3 setup.py egg_info --egg-base build/orbbecros2_driver build --build-base /home/robothrone/new_robogpt/orbbecros2_driver/build/orbbecros2_driver/build install --record /home/robothrone/new_robogpt/orbbecros2_driver/build/orbbecros2_driver/install.log --install-scripts $base/lib/orbbecros2_driver --single-version-externally-managed
[2.195s] Level 1:colcon.colcon_core.environment:checking '/home/robothrone/new_robogpt/orbbecros2_driver/install/orbbecros2_driver' for CMake module files
[2.195s] Level 1:colcon.colcon_core.environment:checking '/home/robothrone/new_robogpt/orbbecros2_driver/install/orbbecros2_driver' for CMake config files
[2.196s] Level 1:colcon.colcon_core.environment:checking '/home/robothrone/new_robogpt/orbbecros2_driver/install/orbbecros2_driver/lib'
[2.196s] Level 1:colcon.colcon_core.environment:checking '/home/robothrone/new_robogpt/orbbecros2_driver/install/orbbecros2_driver/bin'
[2.196s] Level 1:colcon.colcon_core.environment:checking '/home/robothrone/new_robogpt/orbbecros2_driver/install/orbbecros2_driver/lib/pkgconfig/orbbecros2_driver.pc'
[2.196s] Level 1:colcon.colcon_core.environment:checking '/home/robothrone/new_robogpt/orbbecros2_driver/install/orbbecros2_driver/lib/python3.8/site-packages'
[2.197s] Level 1:colcon.colcon_core.shell:create_environment_hook('orbbecros2_driver', 'pythonpath')
[2.203s] INFO:colcon.colcon_core.shell:Creating environment hook '/home/robothrone/new_robogpt/orbbecros2_driver/install/orbbecros2_driver/share/orbbecros2_driver/hook/pythonpath.ps1'
[2.203s] INFO:colcon.colcon_core.shell:Creating environment descriptor '/home/robothrone/new_robogpt/orbbecros2_driver/install/orbbecros2_driver/share/orbbecros2_driver/hook/pythonpath.dsv'
[2.203s] INFO:colcon.colcon_core.shell:Creating environment hook '/home/robothrone/new_robogpt/orbbecros2_driver/install/orbbecros2_driver/share/orbbecros2_driver/hook/pythonpath.sh'
[2.204s] Level 1:colcon.colcon_core.environment:checking '/home/robothrone/new_robogpt/orbbecros2_driver/install/orbbecros2_driver/bin'
[2.204s] Level 1:colcon.colcon_core.environment:create_environment_scripts_only(orbbecros2_driver)
[2.208s] INFO:colcon.colcon_core.shell:Creating package script '/home/robothrone/new_robogpt/orbbecros2_driver/install/orbbecros2_driver/share/orbbecros2_driver/package.ps1'
[2.209s] INFO:colcon.colcon_core.shell:Creating package descriptor '/home/robothrone/new_robogpt/orbbecros2_driver/install/orbbecros2_driver/share/orbbecros2_driver/package.dsv'
[2.209s] INFO:colcon.colcon_core.shell:Creating package script '/home/robothrone/new_robogpt/orbbecros2_driver/install/orbbecros2_driver/share/orbbecros2_driver/package.sh'
[2.210s] INFO:colcon.colcon_core.shell:Creating package script '/home/robothrone/new_robogpt/orbbecros2_driver/install/orbbecros2_driver/share/orbbecros2_driver/package.bash'
[2.211s] INFO:colcon.colcon_core.shell:Creating package script '/home/robothrone/new_robogpt/orbbecros2_driver/install/orbbecros2_driver/share/orbbecros2_driver/package.zsh'
[2.211s] Level 1:colcon.colcon_core.environment:create_file_with_runtime_dependencies(/home/robothrone/new_robogpt/orbbecros2_driver/install/orbbecros2_driver/share/colcon-core/packages/orbbecros2_driver)
[2.212s] DEBUG:colcon.colcon_parallel_executor.executor.parallel:closing loop
[2.212s] DEBUG:colcon.colcon_parallel_executor.executor.parallel:loop closed
[2.212s] DEBUG:colcon.colcon_parallel_executor.executor.parallel:run_until_complete finished with '0'
[2.212s] DEBUG:colcon.colcon_core.event_reactor:joining thread
[2.221s] INFO:colcon.colcon_core.plugin_system:Skipping extension 'colcon_notification.desktop_notification.terminal_notifier': Not used on non-Darwin systems
[2.221s] INFO:colcon.colcon_core.plugin_system:Skipping extension 'colcon_notification.desktop_notification.win32': Not used on non-Windows systems
[2.221s] INFO:colcon.colcon_notification.desktop_notification:Sending desktop notification using 'notify2'
[2.238s] DEBUG:colcon.colcon_core.event_reactor:joined thread
[2.244s] INFO:colcon.colcon_core.shell:Creating prefix script '/home/robothrone/new_robogpt/orbbecros2_driver/install/local_setup.ps1'
[2.245s] INFO:colcon.colcon_core.shell:Creating prefix util module '/home/robothrone/new_robogpt/orbbecros2_driver/install/_local_setup_util_ps1.py'
[2.246s] INFO:colcon.colcon_core.shell:Creating prefix chain script '/home/robothrone/new_robogpt/orbbecros2_driver/install/setup.ps1'
[2.251s] INFO:colcon.colcon_core.shell:Creating prefix script '/home/robothrone/new_robogpt/orbbecros2_driver/install/local_setup.sh'
[2.251s] INFO:colcon.colcon_core.shell:Creating prefix util module '/home/robothrone/new_robogpt/orbbecros2_driver/install/_local_setup_util_sh.py'
[2.252s] INFO:colcon.colcon_core.shell:Creating prefix chain script '/home/robothrone/new_robogpt/orbbecros2_driver/install/setup.sh'
[2.256s] INFO:colcon.colcon_core.shell:Creating prefix script '/home/robothrone/new_robogpt/orbbecros2_driver/install/local_setup.bash'
[2.256s] INFO:colcon.colcon_core.shell:Creating prefix chain script '/home/robothrone/new_robogpt/orbbecros2_driver/install/setup.bash'
[2.261s] INFO:colcon.colcon_core.shell:Creating prefix script '/home/robothrone/new_robogpt/orbbecros2_driver/install/local_setup.zsh'
[2.261s] INFO:colcon.colcon_core.shell:Creating prefix chain script '/home/robothrone/new_robogpt/orbbecros2_driver/install/setup.zsh'
